// Jest Snapshot v1, https://goo.gl/fbAQLP

exports[`AppController (e2e) /tasks (POST) 1`] = `
Object {
  "description": "Training",
  "id": Any<String>,
  "status": "OPEN",
  "title": "JIRA",
}
`;
